Ofbiz entity: Vi<br/>Defined in TestEntity.xml [component: MyTestComponent]
