Ofbiz label: TestMyFooLabel<br/>Defined in TestUiLabel.xml [component: MyTestComponent]