Ofbiz label: TestPivooot<br/>Defined in TestUiLabel.xml [component: MyTestComponent]