Ofbiz service: HelloWorld<br/>Defined in TestService.xml [component: MyTestComponent]