Ofbiz view-entity: RandomView<br/>Defined in TestEntity.xml [component: MyTestComponent]